#-----------------------------------------------------------
# Vivado v2024.1 (64-bit)
# SW Build 5076996 on Wed May 22 18:37:14 MDT 2024
# IP Build 5075265 on Wed May 22 21:45:21 MDT 2024
# SharedData Build 5076995 on Wed May 22 18:29:18 MDT 2024
# Start of session at: Sun Dec 28 15:52:41 2025
# Process ID: 22688
# Current directory: E:/UOM/UOM_ACA_5/DSD/project/cache_group
# Command line: vivado.exe -gui_launcher_event rodinguilauncherevent7824 E:\UOM\UOM_ACA_5\DSD\project\cache_group\cache_group.xpr
# Log file: E:/UOM/UOM_ACA_5/DSD/project/cache_group/vivado.log
# Journal file: E:/UOM/UOM_ACA_5/DSD/project/cache_group\vivado.jou
# Running On        :LAPTOP-UDU8USLV
# Platform          :Windows Server 2016 or Windows 10
# Operating System  :26100
# Processor Detail  :11th Gen Intel(R) Core(TM) i7-1165G7 @ 2.80GHz
# CPU Frequency     :2803 MHz
# CPU Physical cores:4
# CPU Logical cores :8
# Host memory       :8269 MB
# Swap memory       :24766 MB
# Total Virtual     :33035 MB
# Available Virtual :6595 MB
#-----------------------------------------------------------
start_gui
oopen_project E:/UOM/UOM_ACA_5/DSD/project/cache_group/cache_group.xprupdate_compile_order -fileset sources_1
open_run synth_1 -name synth_1
open_hw_manager
connect_hw_server -allow_non_jtag
open_hw_target
set_property PROGRAM.FILE {E:/UOM/UOM_ACA_5/DSD/project/cache_group/cache_group.runs/impl_1/FPGACacheSystem.bit} [get_hw_devices xc7z010_1]
current_hw_device [get_hw_devices xc7z010_1]
refresh_hw_device -update_hw_probes false [lindex [get_hw_devices xc7z010_1] 0]
set_property PROBES.FILE {} [get_hw_devices xc7z010_1]
set_property FULL_PROBES.FILE {} [get_hw_devices xc7z010_1]
set_property PROGRAM.FILE {E:/UOM/UOM_ACA_5/DSD/project/cache_group/cache_group.runs/impl_1/FPGACacheSystem.bit} [get_hw_devices xc7z010_1]
program_hw_devices [get_hw_devices xc7z010_1]
refresh_hw_device [lindex [get_hw_devices xc7z010_1] 0]
report_timing_summary -delay_type min_max -report_unconstrained -check_timing_verbose -max_paths 10 -input_pins -routable_nets -name timing_1
create_clock -period 10.000 -name clk -waveform {0.000 5.000} clk
report_timing_summary -delay_type min_max -report_unconstrained -check_timing_verbose -max_paths 10 -input_pins -routable_nets -name timing_1
report_utilization -name utilization_1
